// Jest Snapshot v1, https://goo.gl/fbAQLP

exports[`Place renders correctly 1`] = `
<svg>
  <g
    onClick={[Function]}
  >
    <rect
      className="makeStyles-placeMarker-2"
      fill="#3f51b5"
      height={1}
      opacity={0.95}
      width={1}
      x={1.5}
      y={1.5}
    />
  </g>
</svg>
`;
