// Jest Snapshot v1, https://goo.gl/fbAQLP

exports[`RobotDefaultIcon renders correctly 1`] = `
<svg>
  <ForwardRef
    colorManager={
      ColorManager {
        "_pathColorCache": Object {},
        "_robotColorCache": Object {},
        "conflictHighlight": "#f44336",
      }
    }
    fleetName="testFleet"
    footprint={1}
    robot={
      Object {
        "battery_percent": 100,
        "location": Object {
          "level_name": "",
          "t": Object {
            "nanosec": 0,
            "sec": 0,
          },
          "x": 0,
          "y": 0,
          "yaw": 0,
        },
        "mode": Object {
          "mode": 0,
        },
        "model": "BaseModel",
        "name": "",
        "path": Array [],
        "task_id": "",
      }
    }
  />
</svg>
`;
