// Jest Snapshot v1, https://goo.gl/fbAQLP

exports[`Doors information renders correctly 1`] = `
<div
  className="MuiPaper-root MuiExpansionPanel-root MuiExpansionPanel-rounded MuiPaper-elevation1 MuiPaper-rounded"
  data-component="DoorItem"
  data-name="main_door"
  data-state="UNKNOWN"
>
  <div
    aria-disabled={false}
    aria-expanded={false}
    className="MuiButtonBase-root MuiExpansionPanelSummary-root"
    onBlur={[Function]}
    onClick={[Function]}
    onDragLeave={[Function]}
    onFocus={[Function]}
    onKeyDown={[Function]}
    onKeyUp={[Function]}
    onMouseDown={[Function]}
    onMouseLeave={[Function]}
    onMouseUp={[Function]}
    onTouchEnd={[Function]}
    onTouchMove={[Function]}
    onTouchStart={[Function]}
    role="button"
    tabIndex={0}
  >
    <div
      className="MuiExpansionPanelSummary-content makeStyles-expansionSummaryContent-343"
    >
      <h5
        className="MuiTypography-root MuiTypography-h5"
      >
        main_door
      </h5>
      <span
        className="MuiTypography-root MuiTypography-button"
        data-role="state"
      >
        UNKNOWN
      </span>
    </div>
    <div
      aria-disabled={false}
      aria-hidden={true}
      className="MuiButtonBase-root MuiIconButton-root MuiExpansionPanelSummary-expandIcon MuiIconButton-edgeEnd"
      onBlur={[Function]}
      onDragLeave={[Function]}
      onFocus={[Function]}
      onKeyDown={[Function]}
      onKeyUp={[Function]}
      onMouseDown={[Function]}
      onMouseLeave={[Function]}
      onMouseUp={[Function]}
      onTouchEnd={[Function]}
      onTouchMove={[Function]}
      onTouchStart={[Function]}
      role={null}
      tabIndex={null}
    >
      <span
        className="MuiIconButton-label"
      >
        <svg
          aria-hidden="true"
          className="MuiSvgIcon-root"
          focusable="false"
          viewBox="0 0 24 24"
        >
          <path
            d="M16.59 8.59L12 13.17 7.41 8.59 6 10l6 6 6-6z"
          />
        </svg>
      </span>
    </div>
  </div>
  <div
    className="MuiCollapse-container MuiCollapse-hidden"
    style={
      Object {
        "minHeight": "0px",
      }
    }
  >
    <div
      className="MuiCollapse-wrapper"
    >
      <div
        className="MuiCollapse-wrapperInner"
      >
        <div
          role="region"
        >
          <div
            className="MuiExpansionPanelDetails-root makeStyles-expansionDetail-344"
            data-role="details"
          >
            <div
              className="makeStyles-expansionDetailLine-345"
            >
              <p
                className="MuiTypography-root MuiTypography-body1"
              >
                Type:
              </p>
              <p
                className="MuiTypography-root MuiTypography-body1"
              >
                Double Sliding
              </p>
            </div>
            <hr
              className="MuiDivider-root"
            />
            <div
              className="makeStyles-expansionDetailLine-345"
            >
              <p
                className="MuiTypography-root MuiTypography-body1"
              >
                Motion Direction:
              </p>
              <p
                className="MuiTypography-root MuiTypography-body1"
              >
                Clockwise
              </p>
            </div>
            <hr
              className="MuiDivider-root"
            />
            <div
              className="makeStyles-expansionDetailLine-345"
            >
              <p
                className="MuiTypography-root MuiTypography-body1"
              >
                Motion Range:
              </p>
              <p
                className="MuiTypography-root MuiTypography-body1"
              >
                -1.571
              </p>
            </div>
            <hr
              className="MuiDivider-root"
            />
            <div
              className="makeStyles-expansionDetailLine-345"
            >
              <p
                className="MuiTypography-root MuiTypography-body1"
              >
                Location:
              </p>
              <p
                className="MuiTypography-root MuiTypography-body1"
              >
                (
                8.200
                , 
                -5.500
                )
              </p>
            </div>
            <div
              className="MuiButtonGroup-root MuiButtonGroup-fullWidth"
              role="group"
              style={
                Object {
                  "marginTop": 8,
                }
              }
            >
              <button
                className="MuiButtonBase-root MuiButton-root MuiButton-outlined MuiButtonGroup-grouped MuiButtonGroup-groupedHorizontal MuiButtonGroup-groupedOutlined MuiButtonGroup-groupedOutlinedHorizontal MuiButtonGroup-groupedOutlined MuiButton-fullWidth"
                disabled={false}
                onBlur={[Function]}
                onClick={[Function]}
                onDragLeave={[Function]}
                onFocus={[Function]}
                onKeyDown={[Function]}
                onKeyUp={[Function]}
                onMouseDown={[Function]}
                onMouseLeave={[Function]}
                onMouseUp={[Function]}
                onTouchEnd={[Function]}
                onTouchMove={[Function]}
                onTouchStart={[Function]}
                tabIndex={0}
                type="button"
              >
                <span
                  className="MuiButton-label"
                >
                  Close
                </span>
              </button>
              <button
                className="MuiButtonBase-root MuiButton-root MuiButton-outlined MuiButtonGroup-grouped MuiButtonGroup-groupedHorizontal MuiButtonGroup-groupedOutlined MuiButtonGroup-groupedOutlinedHorizontal MuiButtonGroup-groupedOutlined MuiButton-fullWidth"
                disabled={false}
                onBlur={[Function]}
                onClick={[Function]}
                onDragLeave={[Function]}
                onFocus={[Function]}
                onKeyDown={[Function]}
                onKeyUp={[Function]}
                onMouseDown={[Function]}
                onMouseLeave={[Function]}
                onMouseUp={[Function]}
                onTouchEnd={[Function]}
                onTouchMove={[Function]}
                onTouchStart={[Function]}
                tabIndex={0}
                type="button"
              >
                <span
                  className="MuiButton-label"
                >
                  Open
                </span>
              </button>
            </div>
          </div>
        </div>
      </div>
    </div>
  </div>
</div>
`;
