// Jest Snapshot v1, https://goo.gl/fbAQLP

exports[`renders negotiations 1`] = `"<ul role=\\"tree\\" aria-multiselectable=\\"false\\" class=\\"MuiTreeView-root\\"><li class=\\"MuiTreeItem-root\\" role=\\"treeitem\\" aria-expanded=\\"false\\" tabindex=\\"0\\" data-component=\\"TreeItem\\"><div class=\\"MuiTreeItem-content\\"><div class=\\"MuiTreeItem-iconContainer\\"><svg class=\\"MuiSvgIcon-root\\" focusable=\\"false\\" viewBox=\\"0 0 24 24\\" aria-hidden=\\"true\\"><path d=\\"M10 6L8.59 7.41 13.17 12l-4.58 4.59L10 18l6-6z\\"></path></svg></div><div class=\\"MuiTypography-root MuiTreeItem-label makeStyles-finished-2 MuiTypography-body1\\">Conflict #0, Participants: tinyrobot1, tinyrobot2</div></div></li></ul>"`;
