// Jest Snapshot v1, https://goo.gl/fbAQLP

exports[`renders negotiations correctly 1`] = `
<WithStyles(ForwardRef(Typography))
  component="span"
  variant="body1"
>
  <WithStyles(ForwardRef(TreeView))
    defaultCollapseIcon={<UNDEFINED />}
    defaultExpandIcon={<UNDEFINED />}
    defaultExpanded={
      Array [
        "root",
      ]
    }
    onNodeSelect={[Function]}
  >
    <WithStyles(ForwardRef(TreeItem))
      classes={
        Object {
          "label": "makeStyles-finished-2",
          "selected": "makeStyles-finished-2",
        }
      }
      data-component="TreeItem"
      key="conflict0"
      label="Conflict #0, Participants: tinyrobot1, tinyrobot2"
      nodeId="conflict0"
    >
      <WithStyles(ForwardRef(TreeItem))
        classes={
          Object {
            "label": "makeStyles-finished-2",
            "selected": "makeStyles-finished-2",
          }
        }
        data-component="TreeItem"
        key="0.1.terminal"
        label="tinyrobot1 -> [tinyrobot2]  [FINISHED]"
        nodeId="0.1.terminal"
      >
        <WithStyles(ForwardRef(TreeItem))
          classes={
            Object {
              "label": "makeStyles-rejected-3",
              "selected": "makeStyles-rejected-3",
            }
          }
          data-component="TreeItem"
          key="0.1.base"
          label="[tinyrobot1]  [REJECTED]"
          nodeId="0.1.base"
        />
      </WithStyles(ForwardRef(TreeItem))>
      <WithStyles(ForwardRef(TreeItem))
        classes={
          Object {
            "label": "makeStyles-forfeited-4",
            "selected": "makeStyles-forfeited-4",
          }
        }
        data-component="TreeItem"
        key="0.2.base"
        label="tinyrobot2  [FORFEITED]"
        nodeId="0.2.base"
      />
    </WithStyles(ForwardRef(TreeItem))>
  </WithStyles(ForwardRef(TreeView))>
</WithStyles(ForwardRef(Typography))>
`;
