// Jest Snapshot v1, https://goo.gl/fbAQLP

exports[`Drawer header Renders correctly 1`] = `
<Fragment>
  <WithStyles(ForwardRef(Grid))
    item={true}
  >
    <WithStyles(ForwardRef(IconButton))
      className="makeStyles-button-2"
      id="backDrawerButton"
      onClick={[Function]}
    >
      <KeyboardBackspaceIcon />
    </WithStyles(ForwardRef(IconButton))>
  </WithStyles(ForwardRef(Grid))>
  <WithStyles(ForwardRef(Grid))
    alignItems="center"
    container={true}
  >
    <WithStyles(ForwardRef(Grid))
      className="makeStyles-heading-1"
      item={true}
    >
      <WithStyles(ForwardRef(Typography))
        variant="h6"
      >
        Test
      </WithStyles(ForwardRef(Typography))>
    </WithStyles(ForwardRef(Grid))>
    <WithStyles(ForwardRef(Grid))
      item={true}
    >
      <WithStyles(ForwardRef(IconButton))
        className="makeStyles-button-2"
        id="closeDrawerButton"
        onClick={[Function]}
      >
        <CloseIcon />
      </WithStyles(ForwardRef(IconButton))>
    </WithStyles(ForwardRef(Grid))>
  </WithStyles(ForwardRef(Grid))>
  <WithStyles(ForwardRef(Divider)) />
</Fragment>
`;
